  0 SNES Function norm 0.978417 
  1 SNES Function norm 0.00955879 
  2 SNES Function norm 7.57667e-05 
  3 SNES Function norm 5.48316e-09 
Number of Newton iterations = 3
