number of Newton iterations = 4, number of unsuccessful steps = 0

