 ../../../../mat/examples/matbinary.ex                                                                                           
  36   36   36   36  1.     0.2E+03 0.2E+03  0.     0.4E+04  1.      0.    
Residual norm 0.3282E-02 iterations     6
