Residual norm 0.3282E-02 iterations     6
Residual norm 0.1204E-02 iterations     6
