Coarse grid size 5 by 5
Fine grid size 9 by 9
  0 KSP Residual norm 2.90126 
  1 KSP Residual norm 1.45832 
  2 KSP Residual norm 1.18005 
  3 KSP Residual norm 0.941127 
  4 KSP Residual norm 0.696937 
  5 KSP Residual norm 0.484776 
  6 KSP Residual norm 0.245944 
  7 KSP Residual norm 0.102339 
  8 KSP Residual norm 0.0501583 
  9 KSP Residual norm 0.0346147 
 10 KSP Residual norm 0.0196042 
 11 KSP Residual norm 0.0102261 
 12 KSP Residual norm 0.00331366 
 13 KSP Residual norm 0.00153735 
 14 KSP Residual norm 0.000698171 
 15 KSP Residual norm 0.000356882 
 16 KSP Residual norm 0.000136588 
 17 KSP Residual norm 5.23453e-05 
 18 KSP Residual norm 1.50308e-05 
Number of iterations = 18
