Coarse grid size 5 by 5
Fine grid size 9 by 9
  0 KSP Residual norm 28.1216 
  1 KSP Residual norm 8.49274 
  2 KSP Residual norm 1.50096 
  3 KSP Residual norm 0.375578 
  4 KSP Residual norm 0.128141 
  5 KSP Residual norm 0.0473208 
  6 KSP Residual norm 0.0206633 
  7 KSP Residual norm 0.00548726 
  8 KSP Residual norm 0.00196937 
  9 KSP Residual norm 0.000834399 
 10 KSP Residual norm 0.000205115 
Number of iterations = 10
