Fine grid size 9 by 9
  0 KSP Residual norm 5.47679 
  1 KSP Residual norm 2.92572 
  2 KSP Residual norm 1.15497 
  3 KSP Residual norm 0.400222 
  4 KSP Residual norm 0.109408 
  5 KSP Residual norm 0.0248018 
  6 KSP Residual norm 0.00942367 
  7 KSP Residual norm 0.00259764 
  8 KSP Residual norm 0.000665294 
  9 KSP Residual norm 0.000153557 
 10 KSP Residual norm 5.18869e-05 
Number of iterations = 10
