Fine grid size 9 by 9
  0 KSP Residual norm 7.24216 
  1 KSP Residual norm 3.21921 
  2 KSP Residual norm 0.49095 
  3 KSP Residual norm 0.0734171 
  4 KSP Residual norm 0.0131475 
  5 KSP Residual norm 0.0023442 
  6 KSP Residual norm 0.000364884 
  7 KSP Residual norm 3.31301e-05 
Number of iterations = 7
