Number of iterations =   1
Residual norm 2.00135e-10
Number of iterations =   1
Residual norm 2.00135e-10
