Number of iterations =   1
Residual norm 0.120916
Number of iterations =   1
Residual norm 0.122722
