  0 KSP Residual norm 22506.8 
  1 KSP Residual norm 4659.72 
  2 KSP Residual norm 2171.83 
  3 KSP Residual norm 1305.82 
  4 KSP Residual norm 833.977 
  5 KSP Residual norm 574.104 
  6 KSP Residual norm 407.679 
  7 KSP Residual norm 310.445 
  8 KSP Residual norm 239.812 
  9 KSP Residual norm 183.742 
 10 KSP Residual norm 138.234 
 11 KSP Residual norm 109.155 
 12 KSP Residual norm 77.6549 
 13 KSP Residual norm 46.8581 
 14 KSP Residual norm 30.8949 
 15 KSP Residual norm 21.6448 
 16 KSP Residual norm 15.8142 
 17 KSP Residual norm 10.8488 
 18 KSP Residual norm 8.32209 
 19 KSP Residual norm 6.38274 
 20 KSP Residual norm 4.34018 
 21 KSP Residual norm 3.06451 
 22 KSP Residual norm 1.91477 
 23 KSP Residual norm 1.18147 
 24 KSP Residual norm 0.73035 
 25 KSP Residual norm 0.542406 
 26 KSP Residual norm 0.394361 
 27 KSP Residual norm 0.28655 
 28 KSP Residual norm 0.191909 
Number of iterations =  28
Residual norm = 0.325386
