Greetings,
Linux
just
come
to
check
your
strtok().
Hah
