timestep 0 time 0 norm of error 0.00000 0.00000
timestep 1 time 0.000142922 norm of error 0.00112 0.00161
timestep 2 time 0.000285845 norm of error 0.00212 0.00306
timestep 3 time 0.000428767 norm of error 0.00303 0.00437
timestep 4 time 0.000571689 norm of error 0.00384 0.00555
timestep 5 time 0.000714611 norm of error 0.00457 0.00661
timestep 6 time 0.000857534 norm of error 0.00522 0.00755
timestep 7 time 0.00100046 norm of error 0.00579 0.00839
timestep 8 time 0.00114338 norm of error 0.00630 0.00913
timestep 9 time 0.0012863 norm of error 0.00674 0.00979
timestep 10 time 0.00142922 norm of error 0.00712 0.01036
timestep 0 time 0 norm of error 0.00000 0.00000
timestep 1 time 0.000142922 norm of error 0.00112 0.00161
timestep 2 time 0.000285845 norm of error 0.00212 0.00306
timestep 3 time 0.000428767 norm of error 0.00303 0.00437
timestep 4 time 0.000571689 norm of error 0.00384 0.00555
timestep 5 time 0.000714611 norm of error 0.00457 0.00661
timestep 6 time 0.000857534 norm of error 0.00522 0.00755
timestep 7 time 0.00100046 norm of error 0.00579 0.00839
timestep 8 time 0.00114338 norm of error 0.00630 0.00913
timestep 9 time 0.0012863 norm of error 0.00674 0.00979
timestep 10 time 0.00142922 norm of error 0.00712 0.01036
