timestep 0 time 0 norm of error 0.00000 0.00000
timestep 1 time 0.000142922 norm of error 0.00028 0.00041
timestep 2 time 0.000285845 norm of error 0.00054 0.00077
timestep 3 time 0.000428767 norm of error 0.00077 0.00111
timestep 4 time 0.000571689 norm of error 0.00097 0.00140
timestep 5 time 0.000714611 norm of error 0.00115 0.00167
timestep 6 time 0.000857534 norm of error 0.00132 0.00191
timestep 7 time 0.00100046 norm of error 0.00146 0.00212
timestep 8 time 0.00114338 norm of error 0.00159 0.00230
timestep 9 time 0.0012863 norm of error 0.00170 0.00247
timestep 10 time 0.00142922 norm of error 0.00179 0.00261
timestep 0 time 0 norm of error 0.00000 0.00000
timestep 1 time 0.000142922 norm of error 0.00028 0.00041
timestep 2 time 0.000285845 norm of error 0.00054 0.00077
timestep 3 time 0.000428767 norm of error 0.00077 0.00111
timestep 4 time 0.000571689 norm of error 0.00097 0.00140
timestep 5 time 0.000714611 norm of error 0.00115 0.00167
timestep 6 time 0.000857534 norm of error 0.00132 0.00191
timestep 7 time 0.00100046 norm of error 0.00146 0.00212
timestep 8 time 0.00114338 norm of error 0.00159 0.00230
timestep 9 time 0.0012863 norm of error 0.00170 0.00247
timestep 10 time 0.00142922 norm of error 0.00179 0.00261
