0
1
1
1
2
Maximum value 2 index 4
Minimum value 0 index 0
