Process [0]
0
1
2
3
4
Process [1]
5
6
7
8
9
Process [2]
10
11
12
13
14
----
0
1
2
3
4
5
6
----
5
6
7
8
9
10
11
----
10
11
12
13
14
