 V1
Process [0]
0
2
0
1
Process [1]
0
2
0
1
Process [2]
0
2
0
1
Process [3]
0
2
0
1
 V2
Process [0]
32
0
Process [1]
0
0
Process [2]
0
0
Process [3]
0
16
 V3
8
0
0
0
0
0
0
4
