Process [0]
0
1
2
3
4
Process [1]
5
6
7
8
9
scattered vector
0
-1
1
2
-1
