Number of elements in ordering 15
PETSc->App  App->PETSc
  0    0      0    0
  1    5      1    3
  2   10      2    6
  3    1      3    9
  4    6      4   12
  5   11      5    1
  6    2      6    4
  7    7      7    7
  8   12      8   10
  9    3      9   13
 10    8     10    2
 11   13     11    5
 12    4     12    8
 13    9     13   11
 14   14     14   14
[0] 2,1,3,4 PetscToApplication 10 5 1 6
[0] 0,3,4 ApplicationToPetsc 0 9 12
[1] 2,1,3,4 PetscToApplication 10 5 1 6
[1] 0,3,4 ApplicationToPetsc 0 9 12
[2] 2,1,3,4 PetscToApplication 10 5 1 6
[2] 0,3,4 ApplicationToPetsc 0 9 12
