 LU nfact 0
 LU nfact 1
 Cholesky nfact 0
 Cholesky nfact 1
