row 0: (0, -1)  (1, 0)  (2, 1)  (3, 3)  (4, 4)  (5, -5) 
row 1: (0, -1)  (1, 0)  (2, 1) 
row 2:
row 3:
row 4: (4, 4)  (5, -5) 
Row Minimums
-5
-1
0
0
-5
0: 5 0 0 0 5
Row Maximums
4
1
0
0
4
0: 4 2 0 0 4
Row Maximum Absolute Values
5
1
0
0
5
0: 5 0 0 0 5
-1.0000000000000000e+00 0.0000000000000000e+00 1.0000000000000000e+00 3.0000000000000000e+00 4.0000000000000000e+00 -5.0000000000000000e+00 
-1.0000000000000000e+00 0.0000000000000000e+00 1.0000000000000000e+00 0.0000000000000000e+00 0.0000000000000000e+00 0.0000000000000000e+00 
0.0000000000000000e+00 0.0000000000000000e+00 0.0000000000000000e+00 0.0000000000000000e+00 0.0000000000000000e+00 0.0000000000000000e+00 
0.0000000000000000e+00 0.0000000000000000e+00 0.0000000000000000e+00 0.0000000000000000e+00 0.0000000000000000e+00 0.0000000000000000e+00 
0.0000000000000000e+00 0.0000000000000000e+00 0.0000000000000000e+00 0.0000000000000000e+00 4.0000000000000000e+00 -5.0000000000000000e+00 
Row Minimums
-5
-1
0
0
-5
0: 5 0 0 0 5
Row Maximums
4
1
0
0
4
0: 4 2 0 0 4
Row Maximum Absolute Values
5
1
0
0
5
0: 5 0 0 0 5
