3.0000000000000000e+00 2.2500000000000000e+00 
  3.00  2.25
4.5000000000000000e+00 3.0000000000000000e+00 
  4.50  3.00
9.0000000000000000e+00 4.5000000000000000e+00 
  9.00  4.50
