matrix nonzeros = 100, allocated nonzeros = 100
Norm of error for Cholesky < 1.e-12
Norm of error for Cholesky < 1.e-12
Norm of error for LU < 1.e-12
Norm of error for LU < 1.e-12
