original matrix:
Matrix Object:
  type=seqaij, rows=25, cols=25
  total: nonzeros=113, allocated nonzeros=125
    not using I-node routines
row 0: (0, 4)  (1, -1)  (5, -1) 
row 1: (0, -1)  (1, 4)  (2, -1)  (6, -1) 
row 2: (1, -1)  (2, 4)  (3, -1)  (7, -1) 
row 3: (2, -1)  (3, 4)  (4, -1)  (8, -1) 
row 4: (3, -1)  (4, 4)  (5, -1)  (9, -1) 
row 5: (0, -1)  (4, -1)  (5, 4)  (6, -1)  (10, -1) 
row 6: (1, -1)  (5, -1)  (6, 4)  (7, -1)  (11, -1) 
row 7: (2, -1)  (6, -1)  (7, 4)  (8, -1)  (12, -1) 
row 8: (3, -1)  (7, -1)  (8, 4)  (9, -1)  (13, -1) 
row 9: (4, -1)  (8, -1)  (9, 4)  (10, -1)  (14, -1) 
row 10: (5, -1)  (9, -1)  (10, 4)  (11, -1)  (15, -1) 
row 11: (6, -1)  (10, -1)  (11, 4)  (12, -1)  (16, -1) 
row 12: (7, -1)  (11, -1)  (12, 4)  (13, -1)  (17, -1) 
row 13: (8, -1)  (12, -1)  (13, 4)  (14, -1)  (18, -1) 
row 14: (9, -1)  (13, -1)  (14, 4)  (15, -1)  (19, -1) 
row 15: (10, -1)  (14, -1)  (15, 4)  (16, -1)  (20, -1) 
row 16: (11, -1)  (15, -1)  (16, 4)  (17, -1)  (21, -1) 
row 17: (12, -1)  (16, -1)  (17, 4)  (18, -1)  (22, -1) 
row 18: (13, -1)  (17, -1)  (18, 4)  (19, -1)  (23, -1) 
row 19: (14, -1)  (18, -1)  (19, 4)  (20, -1)  (24, -1) 
row 20: (15, -1)  (19, -1)  (20, 4)  (21, -1) 
row 21: (16, -1)  (20, -1)  (21, 4)  (22, -1) 
row 22: (17, -1)  (21, -1)  (22, 4)  (23, -1) 
row 23: (18, -1)  (22, -1)  (23, 4)  (24, -1) 
row 24: (19, -1)  (23, -1)  (24, 4) 
Test ILU...
factored matrix:
Matrix Object:
  type=seqaij, rows=25, cols=25
  package used to perform factorization: petsc
  total: nonzeros=113, allocated nonzeros=113
    not using I-node routines
row 0: (0, 0.25)  (1, -1)  (2, -1) 
row 1: (0, -0.25)  (1, 0.266667)  (3, -1)  (4, -1) 
row 2: (0, -0.25)  (2, 0.266667)  (4, -1)  (5, -1)  (6, -1) 
row 3: (1, -0.266667)  (3, 0.267857)  (7, -1)  (8, -1) 
row 4: (1, -0.266667)  (2, -0.266667)  (4, 0.288462)  (8, -1)  (9, -1) 
row 5: (2, -0.266667)  (5, 0.267857)  (7, -1)  (10, -1) 
row 6: (2, -0.266667)  (6, 0.267857)  (9, -1)  (10, -1)  (11, -1) 
row 7: (3, -0.267857)  (5, -0.267857)  (7, 0.28866)  (12, -1) 
row 8: (3, -0.267857)  (4, -0.288462)  (8, 0.290387)  (12, -1)  (13, -1) 
row 9: (4, -0.288462)  (6, -0.267857)  (9, 0.290387)  (13, -1)  (14, -1) 
row 10: (5, -0.267857)  (6, -0.267857)  (10, 0.28866)  (12, -1)  (15, -1) 
row 11: (6, -0.267857)  (11, 0.267943)  (14, -1)  (15, -1)  (16, -1) 
row 12: (7, -0.28866)  (8, -0.290387)  (10, -0.28866)  (12, 0.319255)  (17, -1) 
row 13: (8, -0.290387)  (9, -0.290387)  (13, 0.292464)  (17, -1)  (18, -1) 
row 14: (9, -0.290387)  (11, -0.267943)  (14, 0.290557)  (18, -1)  (19, -1) 
row 15: (10, -0.28866)  (11, -0.267943)  (15, 0.290411)  (17, -1)  (20, -1) 
row 16: (11, -0.267943)  (16, 0.267949)  (19, -1)  (20, -1) 
row 17: (12, -0.319255)  (13, -0.292464)  (15, -0.290411)  (17, 0.322802)  (21, -1) 
row 18: (13, -0.292464)  (14, -0.290557)  (18, 0.292656)  (21, -1)  (22, -1) 
row 19: (14, -0.290557)  (16, -0.267949)  (19, 0.290571)  (22, -1) 
row 20: (15, -0.290411)  (16, -0.267949)  (20, 0.290559)  (21, -1)  (23, -1) 
row 21: (17, -0.322802)  (18, -0.292656)  (20, -0.290559)  (21, 0.323208)  (24, -1) 
row 22: (18, -0.292656)  (19, -0.290571)  (22, 0.292674)  (24, -1) 
row 23: (20, -0.290559)  (23, 0.269582)  (24, -1) 
row 24: (21, -0.323208)  (22, -0.292674)  (23, -0.269582)  (24, 0.321075) 
Test ICC...
