original matrix:
Matrix Object:
  type=seqaij, rows=25, cols=25
  total: nonzeros=113, allocated nonzeros=125
    not using I-node routines
row 0: (0, 4)  (1, -1)  (5, -1) 
row 1: (0, -1)  (1, 4)  (2, -1)  (6, -1) 
row 2: (1, -1)  (2, 4)  (3, -1)  (7, -1) 
row 3: (2, -1)  (3, 4)  (4, -1)  (8, -1) 
row 4: (3, -1)  (4, 4)  (5, -1)  (9, -1) 
row 5: (0, -1)  (4, -1)  (5, 4)  (6, -1)  (10, -1) 
row 6: (1, -1)  (5, -1)  (6, 4)  (7, -1)  (11, -1) 
row 7: (2, -1)  (6, -1)  (7, 4)  (8, -1)  (12, -1) 
row 8: (3, -1)  (7, -1)  (8, 4)  (9, -1)  (13, -1) 
row 9: (4, -1)  (8, -1)  (9, 4)  (10, -1)  (14, -1) 
row 10: (5, -1)  (9, -1)  (10, 4)  (11, -1)  (15, -1) 
row 11: (6, -1)  (10, -1)  (11, 4)  (12, -1)  (16, -1) 
row 12: (7, -1)  (11, -1)  (12, 4)  (13, -1)  (17, -1) 
row 13: (8, -1)  (12, -1)  (13, 4)  (14, -1)  (18, -1) 
row 14: (9, -1)  (13, -1)  (14, 4)  (15, -1)  (19, -1) 
row 15: (10, -1)  (14, -1)  (15, 4)  (16, -1)  (20, -1) 
row 16: (11, -1)  (15, -1)  (16, 4)  (17, -1)  (21, -1) 
row 17: (12, -1)  (16, -1)  (17, 4)  (18, -1)  (22, -1) 
row 18: (13, -1)  (17, -1)  (18, 4)  (19, -1)  (23, -1) 
row 19: (14, -1)  (18, -1)  (19, 4)  (20, -1)  (24, -1) 
row 20: (15, -1)  (19, -1)  (20, 4)  (21, -1) 
row 21: (16, -1)  (20, -1)  (21, 4)  (22, -1) 
row 22: (17, -1)  (21, -1)  (22, 4)  (23, -1) 
row 23: (18, -1)  (22, -1)  (23, 4)  (24, -1) 
row 24: (19, -1)  (23, -1)  (24, 4) 
Test LU...
factored matrix:
Matrix Object:
  type=seqaij, rows=25, cols=25
  package used to perform factorization: petsc
  total: nonzeros=221, allocated nonzeros=221
    not using I-node routines
row 0: (0, 0.25)  (1, -1)  (2, -1) 
row 1: (0, -0.25)  (1, 0.266667)  (2, -0.25)  (3, -1)  (4, -1) 
row 2: (0, -0.25)  (1, -0.0666667)  (2, 0.267857)  (3, -0.0666667)  (4, -1.06667)  (5, -1)  (6, -1) 
row 3: (1, -0.266667)  (2, -0.0178571)  (3, 0.267943)  (4, -0.285714)  (5, -0.0178571)  (6, -0.0178571)  (7, -1)  (8, -1) 
row 4: (1, -0.266667)  (2, -0.285714)  (3, -0.076555)  (4, 0.293539)  (5, -0.287081)  (6, -0.287081)  (7, -0.076555)  (8, -1.07656)  (9, -1) 
row 5: (2, -0.267857)  (3, -0.00478469)  (4, -0.0842697)  (5, 0.269697)  (6, -0.292135)  (7, -1.01124)  (8, -0.0955056)  (9, -0.0842697)  (10, -1) 
row 6: (2, -0.267857)  (3, -0.00478469)  (4, -0.0842697)  (5, -0.0787879)  (6, 0.271382)  (7, -0.0909091)  (8, -0.10303)  (9, -1.09091)  (10, -1.07879)  (11, -1) 
row 7: (3, -0.267943)  (4, -0.0224719)  (5, -0.272727)  (6, -0.0246711)  (7, 0.289662)  (8, -0.320724)  (9, -0.0723684)  (10, -0.299342)  (11, -0.0246711)  (12, -1) 
row 8: (3, -0.267943)  (4, -0.316011)  (5, -0.0257576)  (6, -0.0279605)  (7, -0.0929014)  (8, 0.29791)  (9, -0.355407)  (10, -0.0837303)  (11, -0.0302525)  (12, -1.0929)  (13, -1) 
row 9: (4, -0.293539)  (5, -0.0227273)  (6, -0.296053)  (7, -0.0209624)  (8, -0.105879)  (9, 0.299183)  (10, -0.357246)  (11, -0.299773)  (12, -0.136678)  (13, -1.10588)  (14, -1) 
row 10: (5, -0.269697)  (6, -0.292763)  (7, -0.086708)  (8, -0.0249441)  (9, -0.106882)  (10, 0.298664)  (11, -0.327697)  (12, -1.12858)  (13, -0.143143)  (14, -0.106882)  (15, -1) 
row 11: (6, -0.271382)  (7, -0.00714626)  (8, -0.00901253)  (9, -0.0896871)  (10, -0.0978713)  (11, 0.272538)  (12, -0.13971)  (13, -0.122205)  (14, -1.10015)  (15, -1.09787)  (16, -1) 
row 12: (7, -0.289662)  (8, -0.325586)  (9, -0.0408918)  (10, -0.337065)  (11, -0.0380762)  (12, 0.337474)  (13, -0.423709)  (14, -0.118807)  (15, -0.378868)  (16, -0.0380762)  (17, -1) 
row 13: (8, -0.29791)  (9, -0.330861)  (10, -0.0427515)  (11, -0.0333056)  (12, -0.142991)  (13, 0.306239)  (14, -0.38906)  (15, -0.133491)  (16, -0.0387501)  (17, -1.14299)  (18, -1) 
row 14: (9, -0.299183)  (10, -0.0319218)  (11, -0.299832)  (12, -0.0400944)  (13, -0.119145)  (14, 0.301529)  (15, -0.392194)  (16, -0.305976)  (17, -0.176276)  (18, -1.11915)  (19, -1) 
row 15: (10, -0.298664)  (11, -0.299212)  (12, -0.127858)  (13, -0.0408803)  (14, -0.118258)  (15, 0.305571)  (16, -0.341848)  (17, -1.19543)  (18, -0.173228)  (19, -0.118258)  (20, -1) 
row 16: (11, -0.272538)  (12, -0.0128497)  (13, -0.0118668)  (14, -0.0922607)  (15, -0.104459)  (16, 0.273032)  (17, -0.16755)  (18, -0.133215)  (19, -1.10461)  (20, -1.10446) 
row 17: (12, -0.337474)  (13, -0.350029)  (14, -0.0531525)  (15, -0.365289)  (16, -0.0457465)  (17, 0.356032)  (18, -0.478886)  (19, -0.146883)  (20, -0.415814)  (21, -1) 
row 18: (13, -0.306239)  (14, -0.337455)  (15, -0.0529335)  (16, -0.036372)  (17, -0.170499)  (18, 0.310517)  (19, -0.408935)  (20, -0.164001)  (21, -1.1705)  (22, -1) 
row 19: (14, -0.301529)  (15, -0.0361362)  (16, -0.301595)  (17, -0.0522951)  (18, -0.126981)  (19, 0.302898)  (20, -0.411806)  (21, -0.200927)  (22, -1.12698) 
row 20: (15, -0.305571)  (16, -0.301553)  (17, -0.148043)  (18, -0.050925)  (19, -0.124735)  (20, 0.308632)  (21, -1.23271)  (22, -0.191499)  (23, -1) 
row 21: (17, -0.356032)  (18, -0.36346)  (19, -0.0608603)  (20, -0.380455)  (21, 0.365321)  (22, -0.504905)  (23, -0.380455)  (24, -1) 
row 22: (18, -0.310517)  (19, -0.34136)  (20, -0.0591028)  (21, -0.184453)  (22, 0.312468)  (23, -0.129279)  (24, -1.18445) 
row 23: (20, -0.308632)  (21, -0.138988)  (22, -0.0403955)  (23, 0.275234)  (24, -1.18683) 
row 24: (21, -0.365321)  (22, -0.370104)  (23, -0.326658)  (24, 0.356047) 
Test Cholesky...
