row 0: (0, 4)  (1, -1)  (3, -1) 
row 1: (0, -1)  (1, 4)  (2, -1)  (4, -1) 
row 2: (1, -1)  (2, 4)  (5, -1) 
row 3: (0, -1)  (3, 4)  (4, -1)  (6, -1) 
row 4: (1, -1)  (3, -1)  (4, 4)  (5, -1)  (7, -1) 
row 5: (2, -1)  (4, -1)  (5, 4)  (8, -1) 
row 6: (3, -1)  (6, 4)  (7, -1) 
row 7: (4, -1)  (6, -1)  (7, 4)  (8, -1) 
row 8: (5, -1)  (7, -1)  (8, 4) 
Index set is permutation
Number of indices in set 9
0 0
1 3
2 1
3 6
4 4
5 2
6 7
7 5
8 8
row 0: (0, 0.25)  (1, -1)  (2, -1) 
row 1: (0, -0.25)  (1, 0.266667)  (2, -0.25)  (3, -1)  (4, -1) 
row 2: (0, -0.25)  (1, -0.0666667)  (2, 0.267857)  (3, -0.0666667)  (4, -1.06667)  (5, -1) 
row 3: (1, -0.266667)  (2, -0.0178571)  (3, 0.267943)  (4, -0.285714)  (5, -0.0178571)  (6, -1) 
row 4: (1, -0.266667)  (2, -0.285714)  (3, -0.076555)  (4, 0.293539)  (5, -0.287081)  (6, -1.07656)  (7, -1) 
row 5: (2, -0.267857)  (3, -0.00478469)  (4, -0.0842697)  (5, 0.269697)  (6, -0.0955056)  (7, -1.08427) 
row 6: (3, -0.267943)  (4, -0.316011)  (5, -0.0257576)  (6, 0.295038)  (7, -0.343939)  (8, -1) 
row 7: (4, -0.293539)  (5, -0.292424)  (6, -0.101475)  (7, 0.298108)  (8, -1.10148) 
row 8: (6, -0.295038)  (7, -0.328358)  (8, 0.299107) 
2
1
2
1
0
1
2
1
2
1
1
1
1
1
1
1
1
1
Norm of error < 1.e-12
original matrix nonzeros = 33
factored matrix nonzeros = 47
