row 0: (0, 1)  (1, 2)  (2, 1) 
row 1: (0, 1)  (1, 3)  (2, 3) 
row 2: (1, 1)  (2, 3) 
row 0: (0, 1)  (1, 2)  (2, 1) 
row 1: (0, 1)  (1, 3)  (2, 3) 
row 2: (1, 1)  (2, 3) 
row 0: (0, 0)  (1, 0)  (2, 0) 
row 1: (0, 0)  (1, 0)  (2, 0) 
row 2: (1, 0)  (2, 0) 
row 0: (0, 1)  (1, 2)  (2, 1) 
row 1: (0, 1)  (1, 3)  (2, 3) 
row 2: (1, 1)  (2, 3) 
row 0: (0, 1)  (1, 2)  (2, 1) 
row 1: (0, 1)  (1, 3)  (2, 3) 
row 2: (1, 1)  (2, 3) 
row 0: (0, 0)  (1, 0)  (2, 0) 
row 1: (0, 0)  (1, 0)  (2, 0) 
row 2: (1, 0)  (2, 0) 
